10:44:49 **** Incremental Build of configuration Debug for project EX4 ****
make -j16 all 
arm-none-eabi-gcc "../Core/Src/main.c" -mcpu=cortex-m3 -std=gnu11 -g3 -DDEBUG -DUSE_HAL_DRIVER -DSTM32F103x6 -c -I../Core/Inc -I../Drivers/STM32F1xx_HAL_Driver/Inc -I../Drivers/STM32F1xx_HAL_Driver/Inc/Legacy -I../Drivers/CMSIS/Device/ST/STM32F1xx/Include -I../Drivers/CMSIS/Include -O0 -ffunction-sections -fdata-sections -Wall -fstack-usage -MMD -MP -MF"Core/Src/main.d" -MT"Core/Src/main.o" --specs=nano.specs -mfloat-abi=soft -mthumb -o "Core/Src/main.o"
arm-none-eabi-gcc "../Core/Src/stm32f1xx_hal_msp.c" -mcpu=cortex-m3 -std=gnu11 -g3 -DDEBUG -DUSE_HAL_DRIVER -DSTM32F103x6 -c -I../Core/Inc -I../Drivers/STM32F1xx_HAL_Driver/Inc -I../Drivers/STM32F1xx_HAL_Driver/Inc/Legacy -I../Drivers/CMSIS/Device/ST/STM32F1xx/Include -I../Drivers/CMSIS/Include -O0 -ffunction-sections -fdata-sections -Wall -fstack-usage -MMD -MP -MF"Core/Src/stm32f1xx_hal_msp.d" -MT"Core/Src/stm32f1xx_hal_msp.o" --specs=nano.specs -mfloat-abi=soft -mthumb -o "Core/Src/stm32f1xx_hal_msp.o"
arm-none-eabi-gcc "../Core/Src/stm32f1xx_it.c" -mcpu=cortex-m3 -std=gnu11 -g3 -DDEBUG -DUSE_HAL_DRIVER -DSTM32F103x6 -c -I../Core/Inc -I../Drivers/STM32F1xx_HAL_Driver/Inc -I../Drivers/STM32F1xx_HAL_Driver/Inc/Legacy -I../Drivers/CMSIS/Device/ST/STM32F1xx/Include -I../Drivers/CMSIS/Include -O0 -ffunction-sections -fdata-sections -Wall -fstack-usage -MMD -MP -MF"Core/Src/stm32f1xx_it.d" -MT"Core/Src/stm32f1xx_it.o" --specs=nano.specs -mfloat-abi=soft -mthumb -o "Core/Src/stm32f1xx_it.o"
arm-none-eabi-gcc "../Core/Src/syscalls.c" -mcpu=cortex-m3 -std=gnu11 -g3 -DDEBUG -DUSE_HAL_DRIVER -DSTM32F103x6 -c -I../Core/Inc -I../Drivers/STM32F1xx_HAL_Driver/Inc -I../Drivers/STM32F1xx_HAL_Driver/Inc/Legacy -I../Drivers/CMSIS/Device/ST/STM32F1xx/Include -I../Drivers/CMSIS/Include -O0 -ffunction-sections -fdata-sections -Wall -fstack-usage -MMD -MP -MF"Core/Src/syscalls.d" -MT"Core/Src/syscalls.o" --specs=nano.specs -mfloat-abi=soft -mthumb -o "Core/Src/syscalls.o"
arm-none-eabi-gcc "../Core/Src/sysmem.c" -mcpu=cortex-m3 -std=gnu11 -g3 -DDEBUG -DUSE_HAL_DRIVER -DSTM32F103x6 -c -I../Core/Inc -I../Drivers/STM32F1xx_HAL_Driver/Inc -I../Drivers/STM32F1xx_HAL_Driver/Inc/Legacy -I../Drivers/CMSIS/Device/ST/STM32F1xx/Include -I../Drivers/CMSIS/Include -O0 -ffunction-sections -fdata-sections -Wall -fstack-usage -MMD -MP -MF"Core/Src/sysmem.d" -MT"Core/Src/sysmem.o" --specs=nano.specs -mfloat-abi=soft -mthumb -o "Core/Src/sysmem.o"
arm-none-eabi-gcc "../Core/Src/system_stm32f1xx.c" -mcpu=cortex-m3 -std=gnu11 -g3 -DDEBUG -DUSE_HAL_DRIVER -DSTM32F103x6 -c -I../Core/Inc -I../Drivers/STM32F1xx_HAL_Driver/Inc -I../Drivers/STM32F1xx_HAL_Driver/Inc/Legacy -I../Drivers/CMSIS/Device/ST/STM32F1xx/Include -I../Drivers/CMSIS/Include -O0 -ffunction-sections -fdata-sections -Wall -fstack-usage -MMD -MP -MF"Core/Src/system_stm32f1xx.d" -MT"Core/Src/system_stm32f1xx.o" --specs=nano.specs -mfloat-abi=soft -mthumb -o "Core/Src/system_stm32f1xx.o"
../Core/Src/main.c: In function 'display7LED':
../Core/Src/main.c:71:23: error: 'a_GPIO_Port' undeclared (first use in this function); did you mean 'C_GPIO_Port'?
   71 |     HAL_GPIO_WritePin(a_GPIO_Port, a_Pin, RESET);
      |                       ^~~~~~~~~~~
      |                       C_GPIO_Port
../Core/Src/main.c:71:23: note: each undeclared identifier is reported only once for each function it appears in
../Core/Src/main.c:71:36: error: 'a_Pin' undeclared (first use in this function); did you mean 'A_Pin'?
   71 |     HAL_GPIO_WritePin(a_GPIO_Port, a_Pin, RESET);
      |                                    ^~~~~
      |                                    A_Pin
../Core/Src/main.c:72:23: error: 'b_GPIO_Port' undeclared (first use in this function); did you mean 'C_GPIO_Port'?
   72 |     HAL_GPIO_WritePin(b_GPIO_Port, b_Pin, RESET);
      |                       ^~~~~~~~~~~
      |                       C_GPIO_Port
../Core/Src/main.c:72:36: error: 'b_Pin' undeclared (first use in this function); did you mean 'A_Pin'?
   72 |     HAL_GPIO_WritePin(b_GPIO_Port, b_Pin, RESET);
      |                                    ^~~~~
      |                                    A_Pin
../Core/Src/main.c:73:23: error: 'c_GPIO_Port' undeclared (first use in this function); did you mean 'C_GPIO_Port'?
   73 |     HAL_GPIO_WritePin(c_GPIO_Port, c_Pin, RESET);
      |                       ^~~~~~~~~~~
      |                       C_GPIO_Port
../Core/Src/main.c:73:36: error: 'c_Pin' undeclared (first use in this function); did you mean 'A_Pin'?
   73 |     HAL_GPIO_WritePin(c_GPIO_Port, c_Pin, RESET);
      |                                    ^~~~~
      |                                    A_Pin
../Core/Src/main.c:74:23: error: 'd_GPIO_Port' undeclared (first use in this function); did you mean 'C_GPIO_Port'?
   74 |     HAL_GPIO_WritePin(d_GPIO_Port, d_Pin, RESET);
      |                       ^~~~~~~~~~~
      |                       C_GPIO_Port
../Core/Src/main.c:74:36: error: 'd_Pin' undeclared (first use in this function); did you mean 'A_Pin'?
   74 |     HAL_GPIO_WritePin(d_GPIO_Port, d_Pin, RESET);
      |                                    ^~~~~
      |                                    A_Pin
../Core/Src/main.c:75:23: error: 'e_GPIO_Port' undeclared (first use in this function); did you mean 'C_GPIO_Port'?
   75 |     HAL_GPIO_WritePin(e_GPIO_Port, e_Pin, RESET);
      |                       ^~~~~~~~~~~
      |                       C_GPIO_Port
../Core/Src/main.c:75:36: error: 'e_Pin' undeclared (first use in this function); did you mean 'A_Pin'?
   75 |     HAL_GPIO_WritePin(e_GPIO_Port, e_Pin, RESET);
      |                                    ^~~~~
      |                                    A_Pin
../Core/Src/main.c:76:23: error: 'f_GPIO_Port' undeclared (first use in this function); did you mean 'C_GPIO_Port'?
   76 |     HAL_GPIO_WritePin(f_GPIO_Port, f_Pin, RESET);
      |                       ^~~~~~~~~~~
      |                       C_GPIO_Port
../Core/Src/main.c:76:36: error: 'f_Pin' undeclared (first use in this function); did you mean 'A_Pin'?
   76 |     HAL_GPIO_WritePin(f_GPIO_Port, f_Pin, RESET);
      |                                    ^~~~~
      |                                    A_Pin
../Core/Src/main.c:77:23: error: 'g_GPIO_Port' undeclared (first use in this function); did you mean 'C_GPIO_Port'?
   77 |     HAL_GPIO_WritePin(g_GPIO_Port, g_Pin, SET);
      |                       ^~~~~~~~~~~
      |                       C_GPIO_Port
../Core/Src/main.c:77:36: error: 'g_Pin' undeclared (first use in this function); did you mean 'A_Pin'?
   77 |     HAL_GPIO_WritePin(g_GPIO_Port, g_Pin, SET);
      |                                    ^~~~~
      |                                    A_Pin
../Core/Src/main.c: In function 'main':
../Core/Src/main.c:212:7: error: 'counter' undeclared (first use in this function)
  212 |    if(counter>=10) counter=0;
      |       ^~~~~~~
make: *** [Core/Src/subdir.mk:34: Core/Src/main.o] Error 1
make: *** Waiting for unfinished jobs....
"make -j16 all" terminated with exit code 2. Build might be incomplete.
10:45:27 **** Incremental Build of configuration Debug for project EX4 ****
make -j16 all 
arm-none-eabi-gcc "../Core/Src/main.c" -mcpu=cortex-m3 -std=gnu11 -g3 -DDEBUG -DUSE_HAL_DRIVER -DSTM32F103x6 -c -I../Core/Inc -I../Drivers/STM32F1xx_HAL_Driver/Inc -I../Drivers/STM32F1xx_HAL_Driver/Inc/Legacy -I../Drivers/CMSIS/Device/ST/STM32F1xx/Include -I../Drivers/CMSIS/Include -O0 -ffunction-sections -fdata-sections -Wall -fstack-usage -MMD -MP -MF"Core/Src/main.d" -MT"Core/Src/main.o" --specs=nano.specs -mfloat-abi=soft -mthumb -o "Core/Src/main.o"
../Core/Src/main.c: In function 'main':
../Core/Src/main.c:208:7: error: 'counter' undeclared (first use in this function)
  208 |    if(counter>=10) counter=0;
      |       ^~~~~~~
../Core/Src/main.c:208:7: note: each undeclared identifier is reported only once for each function it appears in
make: *** [Core/Src/subdir.mk:34: Core/Src/main.o] Error 1
"make -j16 all" terminated with exit code 2. Build might be incomplete.
10:45:34 **** Incremental Build of configuration Debug for project EX4 ****
make -j16 all 
arm-none-eabi-gcc "../Core/Src/main.c" -mcpu=cortex-m3 -std=gnu11 -g3 -DDEBUG -DUSE_HAL_DRIVER -DSTM32F103x6 -c -I../Core/Inc -I../Drivers/STM32F1xx_HAL_Driver/Inc -I../Drivers/STM32F1xx_HAL_Driver/Inc/Legacy -I../Drivers/CMSIS/Device/ST/STM32F1xx/Include -I../Drivers/CMSIS/Include -O0 -ffunction-sections -fdata-sections -Wall -fstack-usage -MMD -MP -MF"Core/Src/main.d" -MT"Core/Src/main.o" --specs=nano.specs -mfloat-abi=soft -mthumb -o "Core/Src/main.o"
../Core/Src/main.c: In function 'main':
../Core/Src/main.c:208:7: error: 'counter' undeclared (first use in this function)
  208 |    if(counter>=10) counter=0;
      |       ^~~~~~~
../Core/Src/main.c:208:7: note: each undeclared identifier is reported only once for each function it appears in
make: *** [Core/Src/subdir.mk:34: Core/Src/main.o] Error 1
"make -j16 all" terminated with exit code 2. Build might be incomplete.
10:46:13 **** Incremental Build of configuration Debug for project EX4 ****
make -j16 all 
arm-none-eabi-gcc "../Core/Src/main.c" -mcpu=cortex-m3 -std=gnu11 -g3 -DDEBUG -DUSE_HAL_DRIVER -DSTM32F103x6 -c -I../Core/Inc -I../Drivers/STM32F1xx_HAL_Driver/Inc -I../Drivers/STM32F1xx_HAL_Driver/Inc/Legacy -I../Drivers/CMSIS/Device/ST/STM32F1xx/Include -I../Drivers/CMSIS/Include -O0 -ffunction-sections -fdata-sections -Wall -fstack-usage -MMD -MP -MF"Core/Src/main.d" -MT"Core/Src/main.o" --specs=nano.specs -mfloat-abi=soft -mthumb -o "Core/Src/main.o"
arm-none-eabi-gcc -o "EX4.elf" @"objects.list"   -mcpu=cortex-m3 -T"D:\Study_Space\BKU\HK241\microprocessor\lab1_ex4\EX4\STM32F103C6TX_FLASH.ld" --specs=nosys.specs -Wl,-Map="EX4.map" -Wl,--gc-sections -static --specs=nano.specs -mfloat-abi=soft -mthumb -Wl,--start-group -lc -lm -Wl,--end-group
Finished building target: EX4.elf
 
arm-none-eabi-size   EX4.elf 
arm-none-eabi-objdump -h -S  EX4.elf  > "EX4.list"
arm-none-eabi-objcopy  -O ihex  EX4.elf  "EX4.hex"
arm-none-eabi-objcopy  -O binary  EX4.elf  "EX4.bin"
   text	   data	    bss	    dec	    hex	filename
   5404	     20	   1572	   6996	   1b54	EX4.elf
Finished building: default.size.stdout
 
Finished building: EX4.hex
Finished building: EX4.bin
 
 
Finished building: EX4.list
 
